=== Sudoku Solver with Step-by-Step Explanations ===

Original Puzzle:
   A B C | D E F | G H I
  -------+-------+-------
1 5 3 . | . 7 . | . . . 
2 6 . . | 1 9 5 | . . . 
3 . 9 8 | . . . | . 6 . 
  -------+-------+-------
4 8 . . | . 6 . | . . 3 
5 4 . . | 8 . 3 | . . 1 
6 7 . . | . 2 . | . . 6 
  -------+-------+-------
7 . 6 . | . . . | 2 8 . 
8 . . . | 4 1 9 | . . 5 
9 . . . | . 8 . | . 7 9 

Solving puzzle...

Step 1: Single Candidate
Action: Place 5 in cell (5,5)
Cell: (5, 5)
Value: 5
Explanation: Cell (5,5) has only one possible candidate: 5

Board after this step:
   A B C | D E F | G H I
  -------+-------+-------
1 [90m5[0m [90m3[0m . | . [90m7[0m . | . . . 
2 [90m6[0m . . | [90m1[0m [90m9[0m [90m5[0m | . . . 
3 . [90m9[0m [90m8[0m | . . . | . [90m6[0m . 
  -------+-------+-------
4 [90m8[0m . . | . [90m6[0m . | . . [90m3[0m 
5 [90m4[0m . . | [90m8[0m [1;32m5[0m [90m3[0m | . . [90m1[0m 
6 [90m7[0m . . | . [90m2[0m . | . . [90m6[0m 
  -------+-------+-------
7 . [90m6[0m . | . . . | [90m2[0m [90m8[0m . 
8 . . . | [90m4[0m [90m1[0m [90m9[0m | . . [90m5[0m 
9 . . . | . [90m8[0m . | . [90m7[0m [90m9[0m 

Legend:
  [1;32mGreen[0m = Just placed
  [90mGray[0m = Original numbers
  . = Empty cells
------------------------------------------------------------

Step 2: Single Candidate
Action: Place 2 in cell (5,2)
Cell: (5, 2)
Value: 2
Explanation: Cell (5,2) has only one possible candidate: 2

Board after this step:
   A B C | D E F | G H I
  -------+-------+-------
1 [90m5[0m [90m3[0m . | . [90m7[0m . | . . . 
2 [90m6[0m . . | [90m1[0m [90m9[0m [90m5[0m | . . . 
3 . [90m9[0m [90m8[0m | . . . | . [90m6[0m . 
  -------+-------+-------
4 [90m8[0m . . | . [90m6[0m . | . . [90m3[0m 
5 [90m4[0m [1;32m2[0m . | [90m8[0m [90m5[0m [90m3[0m | . . [90m1[0m 
6 [90m7[0m . . | . [90m2[0m . | . . [90m6[0m 
  -------+-------+-------
7 . [90m6[0m . | . . . | [90m2[0m [90m8[0m . 
8 . . . | [90m4[0m [90m1[0m [90m9[0m | . . [90m5[0m 
9 . . . | . [90m8[0m . | . [90m7[0m [90m9[0m 

Legend:
  [1;32mGreen[0m = Just placed
  [90mGray[0m = Original numbers
  . = Empty cells
------------------------------------------------------------

Step 3: Single Candidate
Action: Place 9 in cell (5,8)
Cell: (5, 8)
Value: 9
Explanation: Cell (5,8) has only one possible candidate: 9

Board after this step:
   A B C | D E F | G H I
  -------+-------+-------
1 [90m5[0m [90m3[0m . | . [90m7[0m . | . . . 
2 [90m6[0m . . | [90m1[0m [90m9[0m [90m5[0m | . . . 
3 . [90m9[0m [90m8[0m | . . . | . [90m6[0m . 
  -------+-------+-------
4 [90m8[0m . . | . [90m6[0m . | . . [90m3[0m 
5 [90m4[0m [90m2[0m . | [90m8[0m [90m5[0m [90m3[0m | . [1;32m9[0m [90m1[0m 
6 [90m7[0m . . | . [90m2[0m . | . . [90m6[0m 
  -------+-------+-------
7 . [90m6[0m . | . . . | [90m2[0m [90m8[0m . 
8 . . . | [90m4[0m [90m1[0m [90m9[0m | . . [90m5[0m 
9 . . . | . [90m8[0m . | . [90m7[0m [90m9[0m 

Legend:
  [1;32mGreen[0m = Just placed
  [90mGray[0m = Original numbers
  . = Empty cells
------------------------------------------------------------

Step 4: Single Candidate
Action: Place 6 in cell (5,3)
Cell: (5, 3)
Value: 6
Explanation: Cell (5,3) has only one possible candidate: 6

Board after this step:
   A B C | D E F | G H I
  -------+-------+-------
1 [90m5[0m [90m3[0m . | . [90m7[0m . | . . . 
2 [90m6[0m . . | [90m1[0m [90m9[0m [90m5[0m | . . . 
3 . [90m9[0m [90m8[0m | . . . | . [90m6[0m . 
  -------+-------+-------
4 [90m8[0m . . | . [90m6[0m . | . . [90m3[0m 
5 [90m4[0m [90m2[0m [1;32m6[0m | [90m8[0m [90m5[0m [90m3[0m | . [90m9[0m [90m1[0m 
6 [90m7[0m . . | . [90m2[0m . | . . [90m6[0m 
  -------+-------+-------
7 . [90m6[0m . | . . . | [90m2[0m [90m8[0m . 
8 . . . | [90m4[0m [90m1[0m [90m9[0m | . . [90m5[0m 
9 . . . | . [90m8[0m . | . [90m7[0m [90m9[0m 

Legend:
  [1;32mGreen[0m = Just placed
  [90mGray[0m = Original numbers
  . = Empty cells
------------------------------------------------------------

Step 5: Single Candidate
Action: Place 7 in cell (5,7)
Cell: (5, 7)
Value: 7
Explanation: Cell (5,7) has only one possible candidate: 7

Board after this step:
   A B C | D E F | G H I
  -------+-------+-------
1 [90m5[0m [90m3[0m . | . [90m7[0m . | . . . 
2 [90m6[0m . . | [90m1[0m [90m9[0m [90m5[0m | . . . 
3 . [90m9[0m [90m8[0m | . . . | . [90m6[0m . 
  -------+-------+-------
4 [90m8[0m . . | . [90m6[0m . | . . [90m3[0m 
5 [90m4[0m [90m2[0m [90m6[0m | [90m8[0m [90m5[0m [90m3[0m | [1;32m7[0m [90m9[0m [90m1[0m 
6 [90m7[0m . . | . [90m2[0m . | . . [90m6[0m 
  -------+-------+-------
7 . [90m6[0m . | . . . | [90m2[0m [90m8[0m . 
8 . . . | [90m4[0m [90m1[0m [90m9[0m | . . [90m5[0m 
9 . . . | . [90m8[0m . | . [90m7[0m [90m9[0m 

Legend:
  [1;32mGreen[0m = Just placed
  [90mGray[0m = Original numbers
  . = Empty cells
------------------------------------------------------------

Step 6: Single Candidate
Action: Place 9 in cell (6,4)
Cell: (6, 4)
Value: 9
Explanation: Cell (6,4) has only one possible candidate: 9

Board after this step:
   A B C | D E F | G H I
  -------+-------+-------
1 [90m5[0m [90m3[0m . | . [90m7[0m . | . . . 
2 [90m6[0m . . | [90m1[0m [90m9[0m [90m5[0m | . . . 
3 . [90m9[0m [90m8[0m | . . . | . [90m6[0m . 
  -------+-------+-------
4 [90m8[0m . . | . [90m6[0m . | . . [90m3[0m 
5 [90m4[0m [90m2[0m [90m6[0m | [90m8[0m [90m5[0m [90m3[0m | [90m7[0m [90m9[0m [90m1[0m 
6 [90m7[0m . . | [1;32m9[0m [90m2[0m . | . . [90m6[0m 
  -------+-------+-------
7 . [90m6[0m . | . . . | [90m2[0m [90m8[0m . 
8 . . . | [90m4[0m [90m1[0m [90m9[0m | . . [90m5[0m 
9 . . . | . [90m8[0m . | . [90m7[0m [90m9[0m 

Legend:
  [1;32mGreen[0m = Just placed
  [90mGray[0m = Original numbers
  . = Empty cells
------------------------------------------------------------

Step 7: Single Candidate
Action: Place 7 in cell (4,4)
Cell: (4, 4)
Value: 7
Explanation: Cell (4,4) has only one possible candidate: 7

Board after this step:
   A B C | D E F | G H I
  -------+-------+-------
1 [90m5[0m [90m3[0m . | . [90m7[0m . | . . . 
2 [90m6[0m . . | [90m1[0m [90m9[0m [90m5[0m | . . . 
3 . [90m9[0m [90m8[0m | . . . | . [90m6[0m . 
  -------+-------+-------
4 [90m8[0m . . | [1;32m7[0m [90m6[0m . | . . [90m3[0m 
5 [90m4[0m [90m2[0m [90m6[0m | [90m8[0m [90m5[0m [90m3[0m | [90m7[0m [90m9[0m [90m1[0m 
6 [90m7[0m . . | [90m9[0m [90m2[0m . | . . [90m6[0m 
  -------+-------+-------
7 . [90m6[0m . | . . . | [90m2[0m [90m8[0m . 
8 . . . | [90m4[0m [90m1[0m [90m9[0m | . . [90m5[0m 
9 . . . | . [90m8[0m . | . [90m7[0m [90m9[0m 

Legend:
  [1;32mGreen[0m = Just placed
  [90mGray[0m = Original numbers
  . = Empty cells
------------------------------------------------------------

Step 8: Single Candidate
Action: Place 3 in cell (7,5)
Cell: (7, 5)
Value: 3
Explanation: Cell (7,5) has only one possible candidate: 3

Board after this step:
   A B C | D E F | G H I
  -------+-------+-------
1 [90m5[0m [90m3[0m . | . [90m7[0m . | . . . 
2 [90m6[0m . . | [90m1[0m [90m9[0m [90m5[0m | . . . 
3 . [90m9[0m [90m8[0m | . . . | . [90m6[0m . 
  -------+-------+-------
4 [90m8[0m . . | [90m7[0m [90m6[0m . | . . [90m3[0m 
5 [90m4[0m [90m2[0m [90m6[0m | [90m8[0m [90m5[0m [90m3[0m | [90m7[0m [90m9[0m [90m1[0m 
6 [90m7[0m . . | [90m9[0m [90m2[0m . | . . [90m6[0m 
  -------+-------+-------
7 . [90m6[0m . | . [1;32m3[0m . | [90m2[0m [90m8[0m . 
8 . . . | [90m4[0m [90m1[0m [90m9[0m | . . [90m5[0m 
9 . . . | . [90m8[0m . | . [90m7[0m [90m9[0m 

Legend:
  [1;32mGreen[0m = Just placed
  [90mGray[0m = Original numbers
  . = Empty cells
------------------------------------------------------------

Step 9: Single Candidate
Action: Place 4 in cell (3,5)
Cell: (3, 5)
Value: 4
Explanation: Cell (3,5) has only one possible candidate: 4

Board after this step:
   A B C | D E F | G H I
  -------+-------+-------
1 [90m5[0m [90m3[0m . | . [90m7[0m . | . . . 
2 [90m6[0m . . | [90m1[0m [90m9[0m [90m5[0m | . . . 
3 . [90m9[0m [90m8[0m | . [1;32m4[0m . | . [90m6[0m . 
  -------+-------+-------
4 [90m8[0m . . | [90m7[0m [90m6[0m . | . . [90m3[0m 
5 [90m4[0m [90m2[0m [90m6[0m | [90m8[0m [90m5[0m [90m3[0m | [90m7[0m [90m9[0m [90m1[0m 
6 [90m7[0m . . | [90m9[0m [90m2[0m . | . . [90m6[0m 
  -------+-------+-------
7 . [90m6[0m . | . [90m3[0m . | [90m2[0m [90m8[0m . 
8 . . . | [90m4[0m [90m1[0m [90m9[0m | . . [90m5[0m 
9 . . . | . [90m8[0m . | . [90m7[0m [90m9[0m 

Legend:
  [1;32mGreen[0m = Just placed
  [90mGray[0m = Original numbers
  . = Empty cells
------------------------------------------------------------

Step 10: Single Candidate
Action: Place 2 in cell (3,6)
Cell: (3, 6)
Value: 2
Explanation: Cell (3,6) has only one possible candidate: 2

Board after this step:
   A B C | D E F | G H I
  -------+-------+-------
1 [90m5[0m [90m3[0m . | . [90m7[0m . | . . . 
2 [90m6[0m . . | [90m1[0m [90m9[0m [90m5[0m | . . . 
3 . [90m9[0m [90m8[0m | . [90m4[0m [1;32m2[0m | . [90m6[0m . 
  -------+-------+-------
4 [90m8[0m . . | [90m7[0m [90m6[0m . | . . [90m3[0m 
5 [90m4[0m [90m2[0m [90m6[0m | [90m8[0m [90m5[0m [90m3[0m | [90m7[0m [90m9[0m [90m1[0m 
6 [90m7[0m . . | [90m9[0m [90m2[0m . | . . [90m6[0m 
  -------+-------+-------
7 . [90m6[0m . | . [90m3[0m . | [90m2[0m [90m8[0m . 
8 . . . | [90m4[0m [90m1[0m [90m9[0m | . . [90m5[0m 
9 . . . | . [90m8[0m . | . [90m7[0m [90m9[0m 

Legend:
  [1;32mGreen[0m = Just placed
  [90mGray[0m = Original numbers
  . = Empty cells
------------------------------------------------------------

Step 11: Single Candidate
Action: Place 6 in cell (1,4)
Cell: (1, 4)
Value: 6
Explanation: Cell (1,4) has only one possible candidate: 6

Board after this step:
   A B C | D E F | G H I
  -------+-------+-------
1 [90m5[0m [90m3[0m . | [1;32m6[0m [90m7[0m . | . . . 
2 [90m6[0m . . | [90m1[0m [90m9[0m [90m5[0m | . . . 
3 . [90m9[0m [90m8[0m | . [90m4[0m [90m2[0m | . [90m6[0m . 
  -------+-------+-------
4 [90m8[0m . . | [90m7[0m [90m6[0m . | . . [90m3[0m 
5 [90m4[0m [90m2[0m [90m6[0m | [90m8[0m [90m5[0m [90m3[0m | [90m7[0m [90m9[0m [90m1[0m 
6 [90m7[0m . . | [90m9[0m [90m2[0m . | . . [90m6[0m 
  -------+-------+-------
7 . [90m6[0m . | . [90m3[0m . | [90m2[0m [90m8[0m . 
8 . . . | [90m4[0m [90m1[0m [90m9[0m | . . [90m5[0m 
9 . . . | . [90m8[0m . | . [90m7[0m [90m9[0m 

Legend:
  [1;32mGreen[0m = Just placed
  [90mGray[0m = Original numbers
  . = Empty cells
------------------------------------------------------------

Step 12: Single Candidate
Action: Place 8 in cell (1,6)
Cell: (1, 6)
Value: 8
Explanation: Cell (1,6) has only one possible candidate: 8

Board after this step:
   A B C | D E F | G H I
  -------+-------+-------
1 [90m5[0m [90m3[0m . | [90m6[0m [90m7[0m [1;32m8[0m | . . . 
2 [90m6[0m . . | [90m1[0m [90m9[0m [90m5[0m | . . . 
3 . [90m9[0m [90m8[0m | . [90m4[0m [90m2[0m | . [90m6[0m . 
  -------+-------+-------
4 [90m8[0m . . | [90m7[0m [90m6[0m . | . . [90m3[0m 
5 [90m4[0m [90m2[0m [90m6[0m | [90m8[0m [90m5[0m [90m3[0m | [90m7[0m [90m9[0m [90m1[0m 
6 [90m7[0m . . | [90m9[0m [90m2[0m . | . . [90m6[0m 
  -------+-------+-------
7 . [90m6[0m . | . [90m3[0m . | [90m2[0m [90m8[0m . 
8 . . . | [90m4[0m [90m1[0m [90m9[0m | . . [90m5[0m 
9 . . . | . [90m8[0m . | . [90m7[0m [90m9[0m 

Legend:
  [1;32mGreen[0m = Just placed
  [90mGray[0m = Original numbers
  . = Empty cells
------------------------------------------------------------

Step 13: Single Candidate
Action: Place 1 in cell (3,1)
Cell: (3, 1)
Value: 1
Explanation: Cell (3,1) has only one possible candidate: 1

Board after this step:
   A B C | D E F | G H I
  -------+-------+-------
1 [90m5[0m [90m3[0m . | [90m6[0m [90m7[0m [90m8[0m | . . . 
2 [90m6[0m . . | [90m1[0m [90m9[0m [90m5[0m | . . . 
3 [1;32m1[0m [90m9[0m [90m8[0m | . [90m4[0m [90m2[0m | . [90m6[0m . 
  -------+-------+-------
4 [90m8[0m . . | [90m7[0m [90m6[0m . | . . [90m3[0m 
5 [90m4[0m [90m2[0m [90m6[0m | [90m8[0m [90m5[0m [90m3[0m | [90m7[0m [90m9[0m [90m1[0m 
6 [90m7[0m . . | [90m9[0m [90m2[0m . | . . [90m6[0m 
  -------+-------+-------
7 . [90m6[0m . | . [90m3[0m . | [90m2[0m [90m8[0m . 
8 . . . | [90m4[0m [90m1[0m [90m9[0m | . . [90m5[0m 
9 . . . | . [90m8[0m . | . [90m7[0m [90m9[0m 

Legend:
  [1;32mGreen[0m = Just placed
  [90mGray[0m = Original numbers
  . = Empty cells
------------------------------------------------------------

Step 14: Single Candidate
Action: Place 3 in cell (3,4)
Cell: (3, 4)
Value: 3
Explanation: Cell (3,4) has only one possible candidate: 3

Board after this step:
   A B C | D E F | G H I
  -------+-------+-------
1 [90m5[0m [90m3[0m . | [90m6[0m [90m7[0m [90m8[0m | . . . 
2 [90m6[0m . . | [90m1[0m [90m9[0m [90m5[0m | . . . 
3 [90m1[0m [90m9[0m [90m8[0m | [1;32m3[0m [90m4[0m [90m2[0m | . [90m6[0m . 
  -------+-------+-------
4 [90m8[0m . . | [90m7[0m [90m6[0m . | . . [90m3[0m 
5 [90m4[0m [90m2[0m [90m6[0m | [90m8[0m [90m5[0m [90m3[0m | [90m7[0m [90m9[0m [90m1[0m 
6 [90m7[0m . . | [90m9[0m [90m2[0m . | . . [90m6[0m 
  -------+-------+-------
7 . [90m6[0m . | . [90m3[0m . | [90m2[0m [90m8[0m . 
8 . . . | [90m4[0m [90m1[0m [90m9[0m | . . [90m5[0m 
9 . . . | . [90m8[0m . | . [90m7[0m [90m9[0m 

Legend:
  [1;32mGreen[0m = Just placed
  [90mGray[0m = Original numbers
  . = Empty cells
------------------------------------------------------------

Step 15: Single Candidate
Action: Place 5 in cell (3,7)
Cell: (3, 7)
Value: 5
Explanation: Cell (3,7) has only one possible candidate: 5

Board after this step:
   A B C | D E F | G H I
  -------+-------+-------
1 [90m5[0m [90m3[0m . | [90m6[0m [90m7[0m [90m8[0m | . . . 
2 [90m6[0m . . | [90m1[0m [90m9[0m [90m5[0m | . . . 
3 [90m1[0m [90m9[0m [90m8[0m | [90m3[0m [90m4[0m [90m2[0m | [1;32m5[0m [90m6[0m . 
  -------+-------+-------
4 [90m8[0m . . | [90m7[0m [90m6[0m . | . . [90m3[0m 
5 [90m4[0m [90m2[0m [90m6[0m | [90m8[0m [90m5[0m [90m3[0m | [90m7[0m [90m9[0m [90m1[0m 
6 [90m7[0m . . | [90m9[0m [90m2[0m . | . . [90m6[0m 
  -------+-------+-------
7 . [90m6[0m . | . [90m3[0m . | [90m2[0m [90m8[0m . 
8 . . . | [90m4[0m [90m1[0m [90m9[0m | . . [90m5[0m 
9 . . . | . [90m8[0m . | . [90m7[0m [90m9[0m 

Legend:
  [1;32mGreen[0m = Just placed
  [90mGray[0m = Original numbers
  . = Empty cells
------------------------------------------------------------

Step 16: Single Candidate
Action: Place 7 in cell (3,9)
Cell: (3, 9)
Value: 7
Explanation: Cell (3,9) has only one possible candidate: 7

Board after this step:
   A B C | D E F | G H I
  -------+-------+-------
1 [90m5[0m [90m3[0m . | [90m6[0m [90m7[0m [90m8[0m | . . . 
2 [90m6[0m . . | [90m1[0m [90m9[0m [90m5[0m | . . . 
3 [90m1[0m [90m9[0m [90m8[0m | [90m3[0m [90m4[0m [90m2[0m | [90m5[0m [90m6[0m [1;32m7[0m 
  -------+-------+-------
4 [90m8[0m . . | [90m7[0m [90m6[0m . | . . [90m3[0m 
5 [90m4[0m [90m2[0m [90m6[0m | [90m8[0m [90m5[0m [90m3[0m | [90m7[0m [90m9[0m [90m1[0m 
6 [90m7[0m . . | [90m9[0m [90m2[0m . | . . [90m6[0m 
  -------+-------+-------
7 . [90m6[0m . | . [90m3[0m . | [90m2[0m [90m8[0m . 
8 . . . | [90m4[0m [90m1[0m [90m9[0m | . . [90m5[0m 
9 . . . | . [90m8[0m . | . [90m7[0m [90m9[0m 

Legend:
  [1;32mGreen[0m = Just placed
  [90mGray[0m = Original numbers
  . = Empty cells
------------------------------------------------------------

Step 17: Single Candidate
Action: Place 4 in cell (4,7)
Cell: (4, 7)
Value: 4
Explanation: Cell (4,7) has only one possible candidate: 4

Board after this step:
   A B C | D E F | G H I
  -------+-------+-------
1 [90m5[0m [90m3[0m . | [90m6[0m [90m7[0m [90m8[0m | . . . 
2 [90m6[0m . . | [90m1[0m [90m9[0m [90m5[0m | . . . 
3 [90m1[0m [90m9[0m [90m8[0m | [90m3[0m [90m4[0m [90m2[0m | [90m5[0m [90m6[0m [90m7[0m 
  -------+-------+-------
4 [90m8[0m . . | [90m7[0m [90m6[0m . | [1;32m4[0m . [90m3[0m 
5 [90m4[0m [90m2[0m [90m6[0m | [90m8[0m [90m5[0m [90m3[0m | [90m7[0m [90m9[0m [90m1[0m 
6 [90m7[0m . . | [90m9[0m [90m2[0m . | . . [90m6[0m 
  -------+-------+-------
7 . [90m6[0m . | . [90m3[0m . | [90m2[0m [90m8[0m . 
8 . . . | [90m4[0m [90m1[0m [90m9[0m | . . [90m5[0m 
9 . . . | . [90m8[0m . | . [90m7[0m [90m9[0m 

Legend:
  [1;32mGreen[0m = Just placed
  [90mGray[0m = Original numbers
  . = Empty cells
------------------------------------------------------------

Step 18: Single Candidate
Action: Place 1 in cell (4,6)
Cell: (4, 6)
Value: 1
Explanation: Cell (4,6) has only one possible candidate: 1

Board after this step:
   A B C | D E F | G H I
  -------+-------+-------
1 [90m5[0m [90m3[0m . | [90m6[0m [90m7[0m [90m8[0m | . . . 
2 [90m6[0m . . | [90m1[0m [90m9[0m [90m5[0m | . . . 
3 [90m1[0m [90m9[0m [90m8[0m | [90m3[0m [90m4[0m [90m2[0m | [90m5[0m [90m6[0m [90m7[0m 
  -------+-------+-------
4 [90m8[0m . . | [90m7[0m [90m6[0m [1;32m1[0m | [90m4[0m . [90m3[0m 
5 [90m4[0m [90m2[0m [90m6[0m | [90m8[0m [90m5[0m [90m3[0m | [90m7[0m [90m9[0m [90m1[0m 
6 [90m7[0m . . | [90m9[0m [90m2[0m . | . . [90m6[0m 
  -------+-------+-------
7 . [90m6[0m . | . [90m3[0m . | [90m2[0m [90m8[0m . 
8 . . . | [90m4[0m [90m1[0m [90m9[0m | . . [90m5[0m 
9 . . . | . [90m8[0m . | . [90m7[0m [90m9[0m 

Legend:
  [1;32mGreen[0m = Just placed
  [90mGray[0m = Original numbers
  . = Empty cells
------------------------------------------------------------

Step 19: Single Candidate
Action: Place 5 in cell (4,2)
Cell: (4, 2)
Value: 5
Explanation: Cell (4,2) has only one possible candidate: 5

Board after this step:
   A B C | D E F | G H I
  -------+-------+-------
1 [90m5[0m [90m3[0m . | [90m6[0m [90m7[0m [90m8[0m | . . . 
2 [90m6[0m . . | [90m1[0m [90m9[0m [90m5[0m | . . . 
3 [90m1[0m [90m9[0m [90m8[0m | [90m3[0m [90m4[0m [90m2[0m | [90m5[0m [90m6[0m [90m7[0m 
  -------+-------+-------
4 [90m8[0m [1;32m5[0m . | [90m7[0m [90m6[0m [90m1[0m | [90m4[0m . [90m3[0m 
5 [90m4[0m [90m2[0m [90m6[0m | [90m8[0m [90m5[0m [90m3[0m | [90m7[0m [90m9[0m [90m1[0m 
6 [90m7[0m . . | [90m9[0m [90m2[0m . | . . [90m6[0m 
  -------+-------+-------
7 . [90m6[0m . | . [90m3[0m . | [90m2[0m [90m8[0m . 
8 . . . | [90m4[0m [90m1[0m [90m9[0m | . . [90m5[0m 
9 . . . | . [90m8[0m . | . [90m7[0m [90m9[0m 

Legend:
  [1;32mGreen[0m = Just placed
  [90mGray[0m = Original numbers
  . = Empty cells
------------------------------------------------------------

Step 20: Single Candidate
Action: Place 9 in cell (4,3)
Cell: (4, 3)
Value: 9
Explanation: Cell (4,3) has only one possible candidate: 9

Board after this step:
   A B C | D E F | G H I
  -------+-------+-------
1 [90m5[0m [90m3[0m . | [90m6[0m [90m7[0m [90m8[0m | . . . 
2 [90m6[0m . . | [90m1[0m [90m9[0m [90m5[0m | . . . 
3 [90m1[0m [90m9[0m [90m8[0m | [90m3[0m [90m4[0m [90m2[0m | [90m5[0m [90m6[0m [90m7[0m 
  -------+-------+-------
4 [90m8[0m [90m5[0m [1;32m9[0m | [90m7[0m [90m6[0m [90m1[0m | [90m4[0m . [90m3[0m 
5 [90m4[0m [90m2[0m [90m6[0m | [90m8[0m [90m5[0m [90m3[0m | [90m7[0m [90m9[0m [90m1[0m 
6 [90m7[0m . . | [90m9[0m [90m2[0m . | . . [90m6[0m 
  -------+-------+-------
7 . [90m6[0m . | . [90m3[0m . | [90m2[0m [90m8[0m . 
8 . . . | [90m4[0m [90m1[0m [90m9[0m | . . [90m5[0m 
9 . . . | . [90m8[0m . | . [90m7[0m [90m9[0m 

Legend:
  [1;32mGreen[0m = Just placed
  [90mGray[0m = Original numbers
  . = Empty cells
------------------------------------------------------------

Step 21: Single Candidate
Action: Place 2 in cell (4,8)
Cell: (4, 8)
Value: 2
Explanation: Cell (4,8) has only one possible candidate: 2

Board after this step:
   A B C | D E F | G H I
  -------+-------+-------
1 [90m5[0m [90m3[0m . | [90m6[0m [90m7[0m [90m8[0m | . . . 
2 [90m6[0m . . | [90m1[0m [90m9[0m [90m5[0m | . . . 
3 [90m1[0m [90m9[0m [90m8[0m | [90m3[0m [90m4[0m [90m2[0m | [90m5[0m [90m6[0m [90m7[0m 
  -------+-------+-------
4 [90m8[0m [90m5[0m [90m9[0m | [90m7[0m [90m6[0m [90m1[0m | [90m4[0m [1;32m2[0m [90m3[0m 
5 [90m4[0m [90m2[0m [90m6[0m | [90m8[0m [90m5[0m [90m3[0m | [90m7[0m [90m9[0m [90m1[0m 
6 [90m7[0m . . | [90m9[0m [90m2[0m . | . . [90m6[0m 
  -------+-------+-------
7 . [90m6[0m . | . [90m3[0m . | [90m2[0m [90m8[0m . 
8 . . . | [90m4[0m [90m1[0m [90m9[0m | . . [90m5[0m 
9 . . . | . [90m8[0m . | . [90m7[0m [90m9[0m 

Legend:
  [1;32mGreen[0m = Just placed
  [90mGray[0m = Original numbers
  . = Empty cells
------------------------------------------------------------

Step 22: Single Candidate
Action: Place 1 in cell (6,2)
Cell: (6, 2)
Value: 1
Explanation: Cell (6,2) has only one possible candidate: 1

Board after this step:
   A B C | D E F | G H I
  -------+-------+-------
1 [90m5[0m [90m3[0m . | [90m6[0m [90m7[0m [90m8[0m | . . . 
2 [90m6[0m . . | [90m1[0m [90m9[0m [90m5[0m | . . . 
3 [90m1[0m [90m9[0m [90m8[0m | [90m3[0m [90m4[0m [90m2[0m | [90m5[0m [90m6[0m [90m7[0m 
  -------+-------+-------
4 [90m8[0m [90m5[0m [90m9[0m | [90m7[0m [90m6[0m [90m1[0m | [90m4[0m [90m2[0m [90m3[0m 
5 [90m4[0m [90m2[0m [90m6[0m | [90m8[0m [90m5[0m [90m3[0m | [90m7[0m [90m9[0m [90m1[0m 
6 [90m7[0m [1;32m1[0m . | [90m9[0m [90m2[0m . | . . [90m6[0m 
  -------+-------+-------
7 . [90m6[0m . | . [90m3[0m . | [90m2[0m [90m8[0m . 
8 . . . | [90m4[0m [90m1[0m [90m9[0m | . . [90m5[0m 
9 . . . | . [90m8[0m . | . [90m7[0m [90m9[0m 

Legend:
  [1;32mGreen[0m = Just placed
  [90mGray[0m = Original numbers
  . = Empty cells
------------------------------------------------------------

Step 23: Single Candidate
Action: Place 3 in cell (6,3)
Cell: (6, 3)
Value: 3
Explanation: Cell (6,3) has only one possible candidate: 3

Board after this step:
   A B C | D E F | G H I
  -------+-------+-------
1 [90m5[0m [90m3[0m . | [90m6[0m [90m7[0m [90m8[0m | . . . 
2 [90m6[0m . . | [90m1[0m [90m9[0m [90m5[0m | . . . 
3 [90m1[0m [90m9[0m [90m8[0m | [90m3[0m [90m4[0m [90m2[0m | [90m5[0m [90m6[0m [90m7[0m 
  -------+-------+-------
4 [90m8[0m [90m5[0m [90m9[0m | [90m7[0m [90m6[0m [90m1[0m | [90m4[0m [90m2[0m [90m3[0m 
5 [90m4[0m [90m2[0m [90m6[0m | [90m8[0m [90m5[0m [90m3[0m | [90m7[0m [90m9[0m [90m1[0m 
6 [90m7[0m [90m1[0m [1;32m3[0m | [90m9[0m [90m2[0m . | . . [90m6[0m 
  -------+-------+-------
7 . [90m6[0m . | . [90m3[0m . | [90m2[0m [90m8[0m . 
8 . . . | [90m4[0m [90m1[0m [90m9[0m | . . [90m5[0m 
9 . . . | . [90m8[0m . | . [90m7[0m [90m9[0m 

Legend:
  [1;32mGreen[0m = Just placed
  [90mGray[0m = Original numbers
  . = Empty cells
------------------------------------------------------------

Step 24: Single Candidate
Action: Place 4 in cell (6,6)
Cell: (6, 6)
Value: 4
Explanation: Cell (6,6) has only one possible candidate: 4

Board after this step:
   A B C | D E F | G H I
  -------+-------+-------
1 [90m5[0m [90m3[0m . | [90m6[0m [90m7[0m [90m8[0m | . . . 
2 [90m6[0m . . | [90m1[0m [90m9[0m [90m5[0m | . . . 
3 [90m1[0m [90m9[0m [90m8[0m | [90m3[0m [90m4[0m [90m2[0m | [90m5[0m [90m6[0m [90m7[0m 
  -------+-------+-------
4 [90m8[0m [90m5[0m [90m9[0m | [90m7[0m [90m6[0m [90m1[0m | [90m4[0m [90m2[0m [90m3[0m 
5 [90m4[0m [90m2[0m [90m6[0m | [90m8[0m [90m5[0m [90m3[0m | [90m7[0m [90m9[0m [90m1[0m 
6 [90m7[0m [90m1[0m [90m3[0m | [90m9[0m [90m2[0m [1;32m4[0m | . . [90m6[0m 
  -------+-------+-------
7 . [90m6[0m . | . [90m3[0m . | [90m2[0m [90m8[0m . 
8 . . . | [90m4[0m [90m1[0m [90m9[0m | . . [90m5[0m 
9 . . . | . [90m8[0m . | . [90m7[0m [90m9[0m 

Legend:
  [1;32mGreen[0m = Just placed
  [90mGray[0m = Original numbers
  . = Empty cells
------------------------------------------------------------

Step 25: Single Candidate
Action: Place 8 in cell (6,7)
Cell: (6, 7)
Value: 8
Explanation: Cell (6,7) has only one possible candidate: 8

Board after this step:
   A B C | D E F | G H I
  -------+-------+-------
1 [90m5[0m [90m3[0m . | [90m6[0m [90m7[0m [90m8[0m | . . . 
2 [90m6[0m . . | [90m1[0m [90m9[0m [90m5[0m | . . . 
3 [90m1[0m [90m9[0m [90m8[0m | [90m3[0m [90m4[0m [90m2[0m | [90m5[0m [90m6[0m [90m7[0m 
  -------+-------+-------
4 [90m8[0m [90m5[0m [90m9[0m | [90m7[0m [90m6[0m [90m1[0m | [90m4[0m [90m2[0m [90m3[0m 
5 [90m4[0m [90m2[0m [90m6[0m | [90m8[0m [90m5[0m [90m3[0m | [90m7[0m [90m9[0m [90m1[0m 
6 [90m7[0m [90m1[0m [90m3[0m | [90m9[0m [90m2[0m [90m4[0m | [1;32m8[0m . [90m6[0m 
  -------+-------+-------
7 . [90m6[0m . | . [90m3[0m . | [90m2[0m [90m8[0m . 
8 . . . | [90m4[0m [90m1[0m [90m9[0m | . . [90m5[0m 
9 . . . | . [90m8[0m . | . [90m7[0m [90m9[0m 

Legend:
  [1;32mGreen[0m = Just placed
  [90mGray[0m = Original numbers
  . = Empty cells
------------------------------------------------------------

Step 26: Single Candidate
Action: Place 3 in cell (2,7)
Cell: (2, 7)
Value: 3
Explanation: Cell (2,7) has only one possible candidate: 3

Board after this step:
   A B C | D E F | G H I
  -------+-------+-------
1 [90m5[0m [90m3[0m . | [90m6[0m [90m7[0m [90m8[0m | . . . 
2 [90m6[0m . . | [90m1[0m [90m9[0m [90m5[0m | [1;32m3[0m . . 
3 [90m1[0m [90m9[0m [90m8[0m | [90m3[0m [90m4[0m [90m2[0m | [90m5[0m [90m6[0m [90m7[0m 
  -------+-------+-------
4 [90m8[0m [90m5[0m [90m9[0m | [90m7[0m [90m6[0m [90m1[0m | [90m4[0m [90m2[0m [90m3[0m 
5 [90m4[0m [90m2[0m [90m6[0m | [90m8[0m [90m5[0m [90m3[0m | [90m7[0m [90m9[0m [90m1[0m 
6 [90m7[0m [90m1[0m [90m3[0m | [90m9[0m [90m2[0m [90m4[0m | [90m8[0m . [90m6[0m 
  -------+-------+-------
7 . [90m6[0m . | . [90m3[0m . | [90m2[0m [90m8[0m . 
8 . . . | [90m4[0m [90m1[0m [90m9[0m | . . [90m5[0m 
9 . . . | . [90m8[0m . | . [90m7[0m [90m9[0m 

Legend:
  [1;32mGreen[0m = Just placed
  [90mGray[0m = Original numbers
  . = Empty cells
------------------------------------------------------------

Step 27: Single Candidate
Action: Place 4 in cell (2,8)
Cell: (2, 8)
Value: 4
Explanation: Cell (2,8) has only one possible candidate: 4

Board after this step:
   A B C | D E F | G H I
  -------+-------+-------
1 [90m5[0m [90m3[0m . | [90m6[0m [90m7[0m [90m8[0m | . . . 
2 [90m6[0m . . | [90m1[0m [90m9[0m [90m5[0m | [90m3[0m [1;32m4[0m . 
3 [90m1[0m [90m9[0m [90m8[0m | [90m3[0m [90m4[0m [90m2[0m | [90m5[0m [90m6[0m [90m7[0m 
  -------+-------+-------
4 [90m8[0m [90m5[0m [90m9[0m | [90m7[0m [90m6[0m [90m1[0m | [90m4[0m [90m2[0m [90m3[0m 
5 [90m4[0m [90m2[0m [90m6[0m | [90m8[0m [90m5[0m [90m3[0m | [90m7[0m [90m9[0m [90m1[0m 
6 [90m7[0m [90m1[0m [90m3[0m | [90m9[0m [90m2[0m [90m4[0m | [90m8[0m . [90m6[0m 
  -------+-------+-------
7 . [90m6[0m . | . [90m3[0m . | [90m2[0m [90m8[0m . 
8 . . . | [90m4[0m [90m1[0m [90m9[0m | . . [90m5[0m 
9 . . . | . [90m8[0m . | . [90m7[0m [90m9[0m 

Legend:
  [1;32mGreen[0m = Just placed
  [90mGray[0m = Original numbers
  . = Empty cells
------------------------------------------------------------

Step 28: Single Candidate
Action: Place 1 in cell (1,8)
Cell: (1, 8)
Value: 1
Explanation: Cell (1,8) has only one possible candidate: 1

Board after this step:
   A B C | D E F | G H I
  -------+-------+-------
1 [90m5[0m [90m3[0m . | [90m6[0m [90m7[0m [90m8[0m | . [1;32m1[0m . 
2 [90m6[0m . . | [90m1[0m [90m9[0m [90m5[0m | [90m3[0m [90m4[0m . 
3 [90m1[0m [90m9[0m [90m8[0m | [90m3[0m [90m4[0m [90m2[0m | [90m5[0m [90m6[0m [90m7[0m 
  -------+-------+-------
4 [90m8[0m [90m5[0m [90m9[0m | [90m7[0m [90m6[0m [90m1[0m | [90m4[0m [90m2[0m [90m3[0m 
5 [90m4[0m [90m2[0m [90m6[0m | [90m8[0m [90m5[0m [90m3[0m | [90m7[0m [90m9[0m [90m1[0m 
6 [90m7[0m [90m1[0m [90m3[0m | [90m9[0m [90m2[0m [90m4[0m | [90m8[0m . [90m6[0m 
  -------+-------+-------
7 . [90m6[0m . | . [90m3[0m . | [90m2[0m [90m8[0m . 
8 . . . | [90m4[0m [90m1[0m [90m9[0m | . . [90m5[0m 
9 . . . | . [90m8[0m . | . [90m7[0m [90m9[0m 

Legend:
  [1;32mGreen[0m = Just placed
  [90mGray[0m = Original numbers
  . = Empty cells
------------------------------------------------------------

Step 29: Single Candidate
Action: Place 9 in cell (1,7)
Cell: (1, 7)
Value: 9
Explanation: Cell (1,7) has only one possible candidate: 9

Board after this step:
   A B C | D E F | G H I
  -------+-------+-------
1 [90m5[0m [90m3[0m . | [90m6[0m [90m7[0m [90m8[0m | [1;32m9[0m [90m1[0m . 
2 [90m6[0m . . | [90m1[0m [90m9[0m [90m5[0m | [90m3[0m [90m4[0m . 
3 [90m1[0m [90m9[0m [90m8[0m | [90m3[0m [90m4[0m [90m2[0m | [90m5[0m [90m6[0m [90m7[0m 
  -------+-------+-------
4 [90m8[0m [90m5[0m [90m9[0m | [90m7[0m [90m6[0m [90m1[0m | [90m4[0m [90m2[0m [90m3[0m 
5 [90m4[0m [90m2[0m [90m6[0m | [90m8[0m [90m5[0m [90m3[0m | [90m7[0m [90m9[0m [90m1[0m 
6 [90m7[0m [90m1[0m [90m3[0m | [90m9[0m [90m2[0m [90m4[0m | [90m8[0m . [90m6[0m 
  -------+-------+-------
7 . [90m6[0m . | . [90m3[0m . | [90m2[0m [90m8[0m . 
8 . . . | [90m4[0m [90m1[0m [90m9[0m | . . [90m5[0m 
9 . . . | . [90m8[0m . | . [90m7[0m [90m9[0m 

Legend:
  [1;32mGreen[0m = Just placed
  [90mGray[0m = Original numbers
  . = Empty cells
------------------------------------------------------------

Step 30: Single Candidate
Action: Place 2 in cell (1,9)
Cell: (1, 9)
Value: 2
Explanation: Cell (1,9) has only one possible candidate: 2

Board after this step:
   A B C | D E F | G H I
  -------+-------+-------
1 [90m5[0m [90m3[0m . | [90m6[0m [90m7[0m [90m8[0m | [90m9[0m [90m1[0m [1;32m2[0m 
2 [90m6[0m . . | [90m1[0m [90m9[0m [90m5[0m | [90m3[0m [90m4[0m . 
3 [90m1[0m [90m9[0m [90m8[0m | [90m3[0m [90m4[0m [90m2[0m | [90m5[0m [90m6[0m [90m7[0m 
  -------+-------+-------
4 [90m8[0m [90m5[0m [90m9[0m | [90m7[0m [90m6[0m [90m1[0m | [90m4[0m [90m2[0m [90m3[0m 
5 [90m4[0m [90m2[0m [90m6[0m | [90m8[0m [90m5[0m [90m3[0m | [90m7[0m [90m9[0m [90m1[0m 
6 [90m7[0m [90m1[0m [90m3[0m | [90m9[0m [90m2[0m [90m4[0m | [90m8[0m . [90m6[0m 
  -------+-------+-------
7 . [90m6[0m . | . [90m3[0m . | [90m2[0m [90m8[0m . 
8 . . . | [90m4[0m [90m1[0m [90m9[0m | . . [90m5[0m 
9 . . . | . [90m8[0m . | . [90m7[0m [90m9[0m 

Legend:
  [1;32mGreen[0m = Just placed
  [90mGray[0m = Original numbers
  . = Empty cells
------------------------------------------------------------

Step 31: Single Candidate
Action: Place 4 in cell (1,3)
Cell: (1, 3)
Value: 4
Explanation: Cell (1,3) has only one possible candidate: 4

Board after this step:
   A B C | D E F | G H I
  -------+-------+-------
1 [90m5[0m [90m3[0m [1;32m4[0m | [90m6[0m [90m7[0m [90m8[0m | [90m9[0m [90m1[0m [90m2[0m 
2 [90m6[0m . . | [90m1[0m [90m9[0m [90m5[0m | [90m3[0m [90m4[0m . 
3 [90m1[0m [90m9[0m [90m8[0m | [90m3[0m [90m4[0m [90m2[0m | [90m5[0m [90m6[0m [90m7[0m 
  -------+-------+-------
4 [90m8[0m [90m5[0m [90m9[0m | [90m7[0m [90m6[0m [90m1[0m | [90m4[0m [90m2[0m [90m3[0m 
5 [90m4[0m [90m2[0m [90m6[0m | [90m8[0m [90m5[0m [90m3[0m | [90m7[0m [90m9[0m [90m1[0m 
6 [90m7[0m [90m1[0m [90m3[0m | [90m9[0m [90m2[0m [90m4[0m | [90m8[0m . [90m6[0m 
  -------+-------+-------
7 . [90m6[0m . | . [90m3[0m . | [90m2[0m [90m8[0m . 
8 . . . | [90m4[0m [90m1[0m [90m9[0m | . . [90m5[0m 
9 . . . | . [90m8[0m . | . [90m7[0m [90m9[0m 

Legend:
  [1;32mGreen[0m = Just placed
  [90mGray[0m = Original numbers
  . = Empty cells
------------------------------------------------------------

Step 32: Single Candidate
Action: Place 7 in cell (2,2)
Cell: (2, 2)
Value: 7
Explanation: Cell (2,2) has only one possible candidate: 7

Board after this step:
   A B C | D E F | G H I
  -------+-------+-------
1 [90m5[0m [90m3[0m [90m4[0m | [90m6[0m [90m7[0m [90m8[0m | [90m9[0m [90m1[0m [90m2[0m 
2 [90m6[0m [1;32m7[0m . | [90m1[0m [90m9[0m [90m5[0m | [90m3[0m [90m4[0m . 
3 [90m1[0m [90m9[0m [90m8[0m | [90m3[0m [90m4[0m [90m2[0m | [90m5[0m [90m6[0m [90m7[0m 
  -------+-------+-------
4 [90m8[0m [90m5[0m [90m9[0m | [90m7[0m [90m6[0m [90m1[0m | [90m4[0m [90m2[0m [90m3[0m 
5 [90m4[0m [90m2[0m [90m6[0m | [90m8[0m [90m5[0m [90m3[0m | [90m7[0m [90m9[0m [90m1[0m 
6 [90m7[0m [90m1[0m [90m3[0m | [90m9[0m [90m2[0m [90m4[0m | [90m8[0m . [90m6[0m 
  -------+-------+-------
7 . [90m6[0m . | . [90m3[0m . | [90m2[0m [90m8[0m . 
8 . . . | [90m4[0m [90m1[0m [90m9[0m | . . [90m5[0m 
9 . . . | . [90m8[0m . | . [90m7[0m [90m9[0m 

Legend:
  [1;32mGreen[0m = Just placed
  [90mGray[0m = Original numbers
  . = Empty cells
------------------------------------------------------------

Step 33: Single Candidate
Action: Place 2 in cell (2,3)
Cell: (2, 3)
Value: 2
Explanation: Cell (2,3) has only one possible candidate: 2

Board after this step:
   A B C | D E F | G H I
  -------+-------+-------
1 [90m5[0m [90m3[0m [90m4[0m | [90m6[0m [90m7[0m [90m8[0m | [90m9[0m [90m1[0m [90m2[0m 
2 [90m6[0m [90m7[0m [1;32m2[0m | [90m1[0m [90m9[0m [90m5[0m | [90m3[0m [90m4[0m . 
3 [90m1[0m [90m9[0m [90m8[0m | [90m3[0m [90m4[0m [90m2[0m | [90m5[0m [90m6[0m [90m7[0m 
  -------+-------+-------
4 [90m8[0m [90m5[0m [90m9[0m | [90m7[0m [90m6[0m [90m1[0m | [90m4[0m [90m2[0m [90m3[0m 
5 [90m4[0m [90m2[0m [90m6[0m | [90m8[0m [90m5[0m [90m3[0m | [90m7[0m [90m9[0m [90m1[0m 
6 [90m7[0m [90m1[0m [90m3[0m | [90m9[0m [90m2[0m [90m4[0m | [90m8[0m . [90m6[0m 
  -------+-------+-------
7 . [90m6[0m . | . [90m3[0m . | [90m2[0m [90m8[0m . 
8 . . . | [90m4[0m [90m1[0m [90m9[0m | . . [90m5[0m 
9 . . . | . [90m8[0m . | . [90m7[0m [90m9[0m 

Legend:
  [1;32mGreen[0m = Just placed
  [90mGray[0m = Original numbers
  . = Empty cells
------------------------------------------------------------

Step 34: Single Candidate
Action: Place 8 in cell (2,9)
Cell: (2, 9)
Value: 8
Explanation: Cell (2,9) has only one possible candidate: 8

Board after this step:
   A B C | D E F | G H I
  -------+-------+-------
1 [90m5[0m [90m3[0m [90m4[0m | [90m6[0m [90m7[0m [90m8[0m | [90m9[0m [90m1[0m [90m2[0m 
2 [90m6[0m [90m7[0m [90m2[0m | [90m1[0m [90m9[0m [90m5[0m | [90m3[0m [90m4[0m [1;32m8[0m 
3 [90m1[0m [90m9[0m [90m8[0m | [90m3[0m [90m4[0m [90m2[0m | [90m5[0m [90m6[0m [90m7[0m 
  -------+-------+-------
4 [90m8[0m [90m5[0m [90m9[0m | [90m7[0m [90m6[0m [90m1[0m | [90m4[0m [90m2[0m [90m3[0m 
5 [90m4[0m [90m2[0m [90m6[0m | [90m8[0m [90m5[0m [90m3[0m | [90m7[0m [90m9[0m [90m1[0m 
6 [90m7[0m [90m1[0m [90m3[0m | [90m9[0m [90m2[0m [90m4[0m | [90m8[0m . [90m6[0m 
  -------+-------+-------
7 . [90m6[0m . | . [90m3[0m . | [90m2[0m [90m8[0m . 
8 . . . | [90m4[0m [90m1[0m [90m9[0m | . . [90m5[0m 
9 . . . | . [90m8[0m . | . [90m7[0m [90m9[0m 

Legend:
  [1;32mGreen[0m = Just placed
  [90mGray[0m = Original numbers
  . = Empty cells
------------------------------------------------------------

Step 35: Single Candidate
Action: Place 5 in cell (6,8)
Cell: (6, 8)
Value: 5
Explanation: Cell (6,8) has only one possible candidate: 5

Board after this step:
   A B C | D E F | G H I
  -------+-------+-------
1 [90m5[0m [90m3[0m [90m4[0m | [90m6[0m [90m7[0m [90m8[0m | [90m9[0m [90m1[0m [90m2[0m 
2 [90m6[0m [90m7[0m [90m2[0m | [90m1[0m [90m9[0m [90m5[0m | [90m3[0m [90m4[0m [90m8[0m 
3 [90m1[0m [90m9[0m [90m8[0m | [90m3[0m [90m4[0m [90m2[0m | [90m5[0m [90m6[0m [90m7[0m 
  -------+-------+-------
4 [90m8[0m [90m5[0m [90m9[0m | [90m7[0m [90m6[0m [90m1[0m | [90m4[0m [90m2[0m [90m3[0m 
5 [90m4[0m [90m2[0m [90m6[0m | [90m8[0m [90m5[0m [90m3[0m | [90m7[0m [90m9[0m [90m1[0m 
6 [90m7[0m [90m1[0m [90m3[0m | [90m9[0m [90m2[0m [90m4[0m | [90m8[0m [1;32m5[0m [90m6[0m 
  -------+-------+-------
7 . [90m6[0m . | . [90m3[0m . | [90m2[0m [90m8[0m . 
8 . . . | [90m4[0m [90m1[0m [90m9[0m | . . [90m5[0m 
9 . . . | . [90m8[0m . | . [90m7[0m [90m9[0m 

Legend:
  [1;32mGreen[0m = Just placed
  [90mGray[0m = Original numbers
  . = Empty cells
------------------------------------------------------------

Step 36: Single Candidate
Action: Place 9 in cell (7,1)
Cell: (7, 1)
Value: 9
Explanation: Cell (7,1) has only one possible candidate: 9

Board after this step:
   A B C | D E F | G H I
  -------+-------+-------
1 [90m5[0m [90m3[0m [90m4[0m | [90m6[0m [90m7[0m [90m8[0m | [90m9[0m [90m1[0m [90m2[0m 
2 [90m6[0m [90m7[0m [90m2[0m | [90m1[0m [90m9[0m [90m5[0m | [90m3[0m [90m4[0m [90m8[0m 
3 [90m1[0m [90m9[0m [90m8[0m | [90m3[0m [90m4[0m [90m2[0m | [90m5[0m [90m6[0m [90m7[0m 
  -------+-------+-------
4 [90m8[0m [90m5[0m [90m9[0m | [90m7[0m [90m6[0m [90m1[0m | [90m4[0m [90m2[0m [90m3[0m 
5 [90m4[0m [90m2[0m [90m6[0m | [90m8[0m [90m5[0m [90m3[0m | [90m7[0m [90m9[0m [90m1[0m 
6 [90m7[0m [90m1[0m [90m3[0m | [90m9[0m [90m2[0m [90m4[0m | [90m8[0m [90m5[0m [90m6[0m 
  -------+-------+-------
7 [1;32m9[0m [90m6[0m . | . [90m3[0m . | [90m2[0m [90m8[0m . 
8 . . . | [90m4[0m [90m1[0m [90m9[0m | . . [90m5[0m 
9 . . . | . [90m8[0m . | . [90m7[0m [90m9[0m 

Legend:
  [1;32mGreen[0m = Just placed
  [90mGray[0m = Original numbers
  . = Empty cells
------------------------------------------------------------

Step 37: Single Candidate
Action: Place 5 in cell (7,4)
Cell: (7, 4)
Value: 5
Explanation: Cell (7,4) has only one possible candidate: 5

Board after this step:
   A B C | D E F | G H I
  -------+-------+-------
1 [90m5[0m [90m3[0m [90m4[0m | [90m6[0m [90m7[0m [90m8[0m | [90m9[0m [90m1[0m [90m2[0m 
2 [90m6[0m [90m7[0m [90m2[0m | [90m1[0m [90m9[0m [90m5[0m | [90m3[0m [90m4[0m [90m8[0m 
3 [90m1[0m [90m9[0m [90m8[0m | [90m3[0m [90m4[0m [90m2[0m | [90m5[0m [90m6[0m [90m7[0m 
  -------+-------+-------
4 [90m8[0m [90m5[0m [90m9[0m | [90m7[0m [90m6[0m [90m1[0m | [90m4[0m [90m2[0m [90m3[0m 
5 [90m4[0m [90m2[0m [90m6[0m | [90m8[0m [90m5[0m [90m3[0m | [90m7[0m [90m9[0m [90m1[0m 
6 [90m7[0m [90m1[0m [90m3[0m | [90m9[0m [90m2[0m [90m4[0m | [90m8[0m [90m5[0m [90m6[0m 
  -------+-------+-------
7 [90m9[0m [90m6[0m . | [1;32m5[0m [90m3[0m . | [90m2[0m [90m8[0m . 
8 . . . | [90m4[0m [90m1[0m [90m9[0m | . . [90m5[0m 
9 . . . | . [90m8[0m . | . [90m7[0m [90m9[0m 

Legend:
  [1;32mGreen[0m = Just placed
  [90mGray[0m = Original numbers
  . = Empty cells
------------------------------------------------------------

Step 38: Single Candidate
Action: Place 7 in cell (7,6)
Cell: (7, 6)
Value: 7
Explanation: Cell (7,6) has only one possible candidate: 7

Board after this step:
   A B C | D E F | G H I
  -------+-------+-------
1 [90m5[0m [90m3[0m [90m4[0m | [90m6[0m [90m7[0m [90m8[0m | [90m9[0m [90m1[0m [90m2[0m 
2 [90m6[0m [90m7[0m [90m2[0m | [90m1[0m [90m9[0m [90m5[0m | [90m3[0m [90m4[0m [90m8[0m 
3 [90m1[0m [90m9[0m [90m8[0m | [90m3[0m [90m4[0m [90m2[0m | [90m5[0m [90m6[0m [90m7[0m 
  -------+-------+-------
4 [90m8[0m [90m5[0m [90m9[0m | [90m7[0m [90m6[0m [90m1[0m | [90m4[0m [90m2[0m [90m3[0m 
5 [90m4[0m [90m2[0m [90m6[0m | [90m8[0m [90m5[0m [90m3[0m | [90m7[0m [90m9[0m [90m1[0m 
6 [90m7[0m [90m1[0m [90m3[0m | [90m9[0m [90m2[0m [90m4[0m | [90m8[0m [90m5[0m [90m6[0m 
  -------+-------+-------
7 [90m9[0m [90m6[0m . | [90m5[0m [90m3[0m [1;32m7[0m | [90m2[0m [90m8[0m . 
8 . . . | [90m4[0m [90m1[0m [90m9[0m | . . [90m5[0m 
9 . . . | . [90m8[0m . | . [90m7[0m [90m9[0m 

Legend:
  [1;32mGreen[0m = Just placed
  [90mGray[0m = Original numbers
  . = Empty cells
------------------------------------------------------------

Step 39: Single Candidate
Action: Place 1 in cell (7,3)
Cell: (7, 3)
Value: 1
Explanation: Cell (7,3) has only one possible candidate: 1

Board after this step:
   A B C | D E F | G H I
  -------+-------+-------
1 [90m5[0m [90m3[0m [90m4[0m | [90m6[0m [90m7[0m [90m8[0m | [90m9[0m [90m1[0m [90m2[0m 
2 [90m6[0m [90m7[0m [90m2[0m | [90m1[0m [90m9[0m [90m5[0m | [90m3[0m [90m4[0m [90m8[0m 
3 [90m1[0m [90m9[0m [90m8[0m | [90m3[0m [90m4[0m [90m2[0m | [90m5[0m [90m6[0m [90m7[0m 
  -------+-------+-------
4 [90m8[0m [90m5[0m [90m9[0m | [90m7[0m [90m6[0m [90m1[0m | [90m4[0m [90m2[0m [90m3[0m 
5 [90m4[0m [90m2[0m [90m6[0m | [90m8[0m [90m5[0m [90m3[0m | [90m7[0m [90m9[0m [90m1[0m 
6 [90m7[0m [90m1[0m [90m3[0m | [90m9[0m [90m2[0m [90m4[0m | [90m8[0m [90m5[0m [90m6[0m 
  -------+-------+-------
7 [90m9[0m [90m6[0m [1;32m1[0m | [90m5[0m [90m3[0m [90m7[0m | [90m2[0m [90m8[0m . 
8 . . . | [90m4[0m [90m1[0m [90m9[0m | . . [90m5[0m 
9 . . . | . [90m8[0m . | . [90m7[0m [90m9[0m 

Legend:
  [1;32mGreen[0m = Just placed
  [90mGray[0m = Original numbers
  . = Empty cells
------------------------------------------------------------

Step 40: Single Candidate
Action: Place 4 in cell (7,9)
Cell: (7, 9)
Value: 4
Explanation: Cell (7,9) has only one possible candidate: 4

Board after this step:
   A B C | D E F | G H I
  -------+-------+-------
1 [90m5[0m [90m3[0m [90m4[0m | [90m6[0m [90m7[0m [90m8[0m | [90m9[0m [90m1[0m [90m2[0m 
2 [90m6[0m [90m7[0m [90m2[0m | [90m1[0m [90m9[0m [90m5[0m | [90m3[0m [90m4[0m [90m8[0m 
3 [90m1[0m [90m9[0m [90m8[0m | [90m3[0m [90m4[0m [90m2[0m | [90m5[0m [90m6[0m [90m7[0m 
  -------+-------+-------
4 [90m8[0m [90m5[0m [90m9[0m | [90m7[0m [90m6[0m [90m1[0m | [90m4[0m [90m2[0m [90m3[0m 
5 [90m4[0m [90m2[0m [90m6[0m | [90m8[0m [90m5[0m [90m3[0m | [90m7[0m [90m9[0m [90m1[0m 
6 [90m7[0m [90m1[0m [90m3[0m | [90m9[0m [90m2[0m [90m4[0m | [90m8[0m [90m5[0m [90m6[0m 
  -------+-------+-------
7 [90m9[0m [90m6[0m [90m1[0m | [90m5[0m [90m3[0m [90m7[0m | [90m2[0m [90m8[0m [1;32m4[0m 
8 . . . | [90m4[0m [90m1[0m [90m9[0m | . . [90m5[0m 
9 . . . | . [90m8[0m . | . [90m7[0m [90m9[0m 

Legend:
  [1;32mGreen[0m = Just placed
  [90mGray[0m = Original numbers
  . = Empty cells
------------------------------------------------------------

Step 41: Single Candidate
Action: Place 8 in cell (8,2)
Cell: (8, 2)
Value: 8
Explanation: Cell (8,2) has only one possible candidate: 8

Board after this step:
   A B C | D E F | G H I
  -------+-------+-------
1 [90m5[0m [90m3[0m [90m4[0m | [90m6[0m [90m7[0m [90m8[0m | [90m9[0m [90m1[0m [90m2[0m 
2 [90m6[0m [90m7[0m [90m2[0m | [90m1[0m [90m9[0m [90m5[0m | [90m3[0m [90m4[0m [90m8[0m 
3 [90m1[0m [90m9[0m [90m8[0m | [90m3[0m [90m4[0m [90m2[0m | [90m5[0m [90m6[0m [90m7[0m 
  -------+-------+-------
4 [90m8[0m [90m5[0m [90m9[0m | [90m7[0m [90m6[0m [90m1[0m | [90m4[0m [90m2[0m [90m3[0m 
5 [90m4[0m [90m2[0m [90m6[0m | [90m8[0m [90m5[0m [90m3[0m | [90m7[0m [90m9[0m [90m1[0m 
6 [90m7[0m [90m1[0m [90m3[0m | [90m9[0m [90m2[0m [90m4[0m | [90m8[0m [90m5[0m [90m6[0m 
  -------+-------+-------
7 [90m9[0m [90m6[0m [90m1[0m | [90m5[0m [90m3[0m [90m7[0m | [90m2[0m [90m8[0m [90m4[0m 
8 . [1;32m8[0m . | [90m4[0m [90m1[0m [90m9[0m | . . [90m5[0m 
9 . . . | . [90m8[0m . | . [90m7[0m [90m9[0m 

Legend:
  [1;32mGreen[0m = Just placed
  [90mGray[0m = Original numbers
  . = Empty cells
------------------------------------------------------------

Step 42: Single Candidate
Action: Place 7 in cell (8,3)
Cell: (8, 3)
Value: 7
Explanation: Cell (8,3) has only one possible candidate: 7

Board after this step:
   A B C | D E F | G H I
  -------+-------+-------
1 [90m5[0m [90m3[0m [90m4[0m | [90m6[0m [90m7[0m [90m8[0m | [90m9[0m [90m1[0m [90m2[0m 
2 [90m6[0m [90m7[0m [90m2[0m | [90m1[0m [90m9[0m [90m5[0m | [90m3[0m [90m4[0m [90m8[0m 
3 [90m1[0m [90m9[0m [90m8[0m | [90m3[0m [90m4[0m [90m2[0m | [90m5[0m [90m6[0m [90m7[0m 
  -------+-------+-------
4 [90m8[0m [90m5[0m [90m9[0m | [90m7[0m [90m6[0m [90m1[0m | [90m4[0m [90m2[0m [90m3[0m 
5 [90m4[0m [90m2[0m [90m6[0m | [90m8[0m [90m5[0m [90m3[0m | [90m7[0m [90m9[0m [90m1[0m 
6 [90m7[0m [90m1[0m [90m3[0m | [90m9[0m [90m2[0m [90m4[0m | [90m8[0m [90m5[0m [90m6[0m 
  -------+-------+-------
7 [90m9[0m [90m6[0m [90m1[0m | [90m5[0m [90m3[0m [90m7[0m | [90m2[0m [90m8[0m [90m4[0m 
8 . [90m8[0m [1;32m7[0m | [90m4[0m [90m1[0m [90m9[0m | . . [90m5[0m 
9 . . . | . [90m8[0m . | . [90m7[0m [90m9[0m 

Legend:
  [1;32mGreen[0m = Just placed
  [90mGray[0m = Original numbers
  . = Empty cells
------------------------------------------------------------

Step 43: Single Candidate
Action: Place 6 in cell (8,7)
Cell: (8, 7)
Value: 6
Explanation: Cell (8,7) has only one possible candidate: 6

Board after this step:
   A B C | D E F | G H I
  -------+-------+-------
1 [90m5[0m [90m3[0m [90m4[0m | [90m6[0m [90m7[0m [90m8[0m | [90m9[0m [90m1[0m [90m2[0m 
2 [90m6[0m [90m7[0m [90m2[0m | [90m1[0m [90m9[0m [90m5[0m | [90m3[0m [90m4[0m [90m8[0m 
3 [90m1[0m [90m9[0m [90m8[0m | [90m3[0m [90m4[0m [90m2[0m | [90m5[0m [90m6[0m [90m7[0m 
  -------+-------+-------
4 [90m8[0m [90m5[0m [90m9[0m | [90m7[0m [90m6[0m [90m1[0m | [90m4[0m [90m2[0m [90m3[0m 
5 [90m4[0m [90m2[0m [90m6[0m | [90m8[0m [90m5[0m [90m3[0m | [90m7[0m [90m9[0m [90m1[0m 
6 [90m7[0m [90m1[0m [90m3[0m | [90m9[0m [90m2[0m [90m4[0m | [90m8[0m [90m5[0m [90m6[0m 
  -------+-------+-------
7 [90m9[0m [90m6[0m [90m1[0m | [90m5[0m [90m3[0m [90m7[0m | [90m2[0m [90m8[0m [90m4[0m 
8 . [90m8[0m [90m7[0m | [90m4[0m [90m1[0m [90m9[0m | [1;32m6[0m . [90m5[0m 
9 . . . | . [90m8[0m . | . [90m7[0m [90m9[0m 

Legend:
  [1;32mGreen[0m = Just placed
  [90mGray[0m = Original numbers
  . = Empty cells
------------------------------------------------------------

Step 44: Single Candidate
Action: Place 3 in cell (8,8)
Cell: (8, 8)
Value: 3
Explanation: Cell (8,8) has only one possible candidate: 3

Board after this step:
   A B C | D E F | G H I
  -------+-------+-------
1 [90m5[0m [90m3[0m [90m4[0m | [90m6[0m [90m7[0m [90m8[0m | [90m9[0m [90m1[0m [90m2[0m 
2 [90m6[0m [90m7[0m [90m2[0m | [90m1[0m [90m9[0m [90m5[0m | [90m3[0m [90m4[0m [90m8[0m 
3 [90m1[0m [90m9[0m [90m8[0m | [90m3[0m [90m4[0m [90m2[0m | [90m5[0m [90m6[0m [90m7[0m 
  -------+-------+-------
4 [90m8[0m [90m5[0m [90m9[0m | [90m7[0m [90m6[0m [90m1[0m | [90m4[0m [90m2[0m [90m3[0m 
5 [90m4[0m [90m2[0m [90m6[0m | [90m8[0m [90m5[0m [90m3[0m | [90m7[0m [90m9[0m [90m1[0m 
6 [90m7[0m [90m1[0m [90m3[0m | [90m9[0m [90m2[0m [90m4[0m | [90m8[0m [90m5[0m [90m6[0m 
  -------+-------+-------
7 [90m9[0m [90m6[0m [90m1[0m | [90m5[0m [90m3[0m [90m7[0m | [90m2[0m [90m8[0m [90m4[0m 
8 . [90m8[0m [90m7[0m | [90m4[0m [90m1[0m [90m9[0m | [90m6[0m [1;32m3[0m [90m5[0m 
9 . . . | . [90m8[0m . | . [90m7[0m [90m9[0m 

Legend:
  [1;32mGreen[0m = Just placed
  [90mGray[0m = Original numbers
  . = Empty cells
------------------------------------------------------------

Step 45: Single Candidate
Action: Place 2 in cell (8,1)
Cell: (8, 1)
Value: 2
Explanation: Cell (8,1) has only one possible candidate: 2

Board after this step:
   A B C | D E F | G H I
  -------+-------+-------
1 [90m5[0m [90m3[0m [90m4[0m | [90m6[0m [90m7[0m [90m8[0m | [90m9[0m [90m1[0m [90m2[0m 
2 [90m6[0m [90m7[0m [90m2[0m | [90m1[0m [90m9[0m [90m5[0m | [90m3[0m [90m4[0m [90m8[0m 
3 [90m1[0m [90m9[0m [90m8[0m | [90m3[0m [90m4[0m [90m2[0m | [90m5[0m [90m6[0m [90m7[0m 
  -------+-------+-------
4 [90m8[0m [90m5[0m [90m9[0m | [90m7[0m [90m6[0m [90m1[0m | [90m4[0m [90m2[0m [90m3[0m 
5 [90m4[0m [90m2[0m [90m6[0m | [90m8[0m [90m5[0m [90m3[0m | [90m7[0m [90m9[0m [90m1[0m 
6 [90m7[0m [90m1[0m [90m3[0m | [90m9[0m [90m2[0m [90m4[0m | [90m8[0m [90m5[0m [90m6[0m 
  -------+-------+-------
7 [90m9[0m [90m6[0m [90m1[0m | [90m5[0m [90m3[0m [90m7[0m | [90m2[0m [90m8[0m [90m4[0m 
8 [1;32m2[0m [90m8[0m [90m7[0m | [90m4[0m [90m1[0m [90m9[0m | [90m6[0m [90m3[0m [90m5[0m 
9 . . . | . [90m8[0m . | . [90m7[0m [90m9[0m 

Legend:
  [1;32mGreen[0m = Just placed
  [90mGray[0m = Original numbers
  . = Empty cells
------------------------------------------------------------

Step 46: Single Candidate
Action: Place 3 in cell (9,1)
Cell: (9, 1)
Value: 3
Explanation: Cell (9,1) has only one possible candidate: 3

Board after this step:
   A B C | D E F | G H I
  -------+-------+-------
1 [90m5[0m [90m3[0m [90m4[0m | [90m6[0m [90m7[0m [90m8[0m | [90m9[0m [90m1[0m [90m2[0m 
2 [90m6[0m [90m7[0m [90m2[0m | [90m1[0m [90m9[0m [90m5[0m | [90m3[0m [90m4[0m [90m8[0m 
3 [90m1[0m [90m9[0m [90m8[0m | [90m3[0m [90m4[0m [90m2[0m | [90m5[0m [90m6[0m [90m7[0m 
  -------+-------+-------
4 [90m8[0m [90m5[0m [90m9[0m | [90m7[0m [90m6[0m [90m1[0m | [90m4[0m [90m2[0m [90m3[0m 
5 [90m4[0m [90m2[0m [90m6[0m | [90m8[0m [90m5[0m [90m3[0m | [90m7[0m [90m9[0m [90m1[0m 
6 [90m7[0m [90m1[0m [90m3[0m | [90m9[0m [90m2[0m [90m4[0m | [90m8[0m [90m5[0m [90m6[0m 
  -------+-------+-------
7 [90m9[0m [90m6[0m [90m1[0m | [90m5[0m [90m3[0m [90m7[0m | [90m2[0m [90m8[0m [90m4[0m 
8 [90m2[0m [90m8[0m [90m7[0m | [90m4[0m [90m1[0m [90m9[0m | [90m6[0m [90m3[0m [90m5[0m 
9 [1;32m3[0m . . | . [90m8[0m . | . [90m7[0m [90m9[0m 

Legend:
  [1;32mGreen[0m = Just placed
  [90mGray[0m = Original numbers
  . = Empty cells
------------------------------------------------------------

Step 47: Single Candidate
Action: Place 4 in cell (9,2)
Cell: (9, 2)
Value: 4
Explanation: Cell (9,2) has only one possible candidate: 4

Board after this step:
   A B C | D E F | G H I
  -------+-------+-------
1 [90m5[0m [90m3[0m [90m4[0m | [90m6[0m [90m7[0m [90m8[0m | [90m9[0m [90m1[0m [90m2[0m 
2 [90m6[0m [90m7[0m [90m2[0m | [90m1[0m [90m9[0m [90m5[0m | [90m3[0m [90m4[0m [90m8[0m 
3 [90m1[0m [90m9[0m [90m8[0m | [90m3[0m [90m4[0m [90m2[0m | [90m5[0m [90m6[0m [90m7[0m 
  -------+-------+-------
4 [90m8[0m [90m5[0m [90m9[0m | [90m7[0m [90m6[0m [90m1[0m | [90m4[0m [90m2[0m [90m3[0m 
5 [90m4[0m [90m2[0m [90m6[0m | [90m8[0m [90m5[0m [90m3[0m | [90m7[0m [90m9[0m [90m1[0m 
6 [90m7[0m [90m1[0m [90m3[0m | [90m9[0m [90m2[0m [90m4[0m | [90m8[0m [90m5[0m [90m6[0m 
  -------+-------+-------
7 [90m9[0m [90m6[0m [90m1[0m | [90m5[0m [90m3[0m [90m7[0m | [90m2[0m [90m8[0m [90m4[0m 
8 [90m2[0m [90m8[0m [90m7[0m | [90m4[0m [90m1[0m [90m9[0m | [90m6[0m [90m3[0m [90m5[0m 
9 [90m3[0m [1;32m4[0m . | . [90m8[0m . | . [90m7[0m [90m9[0m 

Legend:
  [1;32mGreen[0m = Just placed
  [90mGray[0m = Original numbers
  . = Empty cells
------------------------------------------------------------

Step 48: Single Candidate
Action: Place 5 in cell (9,3)
Cell: (9, 3)
Value: 5
Explanation: Cell (9,3) has only one possible candidate: 5

Board after this step:
   A B C | D E F | G H I
  -------+-------+-------
1 [90m5[0m [90m3[0m [90m4[0m | [90m6[0m [90m7[0m [90m8[0m | [90m9[0m [90m1[0m [90m2[0m 
2 [90m6[0m [90m7[0m [90m2[0m | [90m1[0m [90m9[0m [90m5[0m | [90m3[0m [90m4[0m [90m8[0m 
3 [90m1[0m [90m9[0m [90m8[0m | [90m3[0m [90m4[0m [90m2[0m | [90m5[0m [90m6[0m [90m7[0m 
  -------+-------+-------
4 [90m8[0m [90m5[0m [90m9[0m | [90m7[0m [90m6[0m [90m1[0m | [90m4[0m [90m2[0m [90m3[0m 
5 [90m4[0m [90m2[0m [90m6[0m | [90m8[0m [90m5[0m [90m3[0m | [90m7[0m [90m9[0m [90m1[0m 
6 [90m7[0m [90m1[0m [90m3[0m | [90m9[0m [90m2[0m [90m4[0m | [90m8[0m [90m5[0m [90m6[0m 
  -------+-------+-------
7 [90m9[0m [90m6[0m [90m1[0m | [90m5[0m [90m3[0m [90m7[0m | [90m2[0m [90m8[0m [90m4[0m 
8 [90m2[0m [90m8[0m [90m7[0m | [90m4[0m [90m1[0m [90m9[0m | [90m6[0m [90m3[0m [90m5[0m 
9 [90m3[0m [90m4[0m [1;32m5[0m | . [90m8[0m . | . [90m7[0m [90m9[0m 

Legend:
  [1;32mGreen[0m = Just placed
  [90mGray[0m = Original numbers
  . = Empty cells
------------------------------------------------------------

Step 49: Single Candidate
Action: Place 2 in cell (9,4)
Cell: (9, 4)
Value: 2
Explanation: Cell (9,4) has only one possible candidate: 2

Board after this step:
   A B C | D E F | G H I
  -------+-------+-------
1 [90m5[0m [90m3[0m [90m4[0m | [90m6[0m [90m7[0m [90m8[0m | [90m9[0m [90m1[0m [90m2[0m 
2 [90m6[0m [90m7[0m [90m2[0m | [90m1[0m [90m9[0m [90m5[0m | [90m3[0m [90m4[0m [90m8[0m 
3 [90m1[0m [90m9[0m [90m8[0m | [90m3[0m [90m4[0m [90m2[0m | [90m5[0m [90m6[0m [90m7[0m 
  -------+-------+-------
4 [90m8[0m [90m5[0m [90m9[0m | [90m7[0m [90m6[0m [90m1[0m | [90m4[0m [90m2[0m [90m3[0m 
5 [90m4[0m [90m2[0m [90m6[0m | [90m8[0m [90m5[0m [90m3[0m | [90m7[0m [90m9[0m [90m1[0m 
6 [90m7[0m [90m1[0m [90m3[0m | [90m9[0m [90m2[0m [90m4[0m | [90m8[0m [90m5[0m [90m6[0m 
  -------+-------+-------
7 [90m9[0m [90m6[0m [90m1[0m | [90m5[0m [90m3[0m [90m7[0m | [90m2[0m [90m8[0m [90m4[0m 
8 [90m2[0m [90m8[0m [90m7[0m | [90m4[0m [90m1[0m [90m9[0m | [90m6[0m [90m3[0m [90m5[0m 
9 [90m3[0m [90m4[0m [90m5[0m | [1;32m2[0m [90m8[0m . | . [90m7[0m [90m9[0m 

Legend:
  [1;32mGreen[0m = Just placed
  [90mGray[0m = Original numbers
  . = Empty cells
------------------------------------------------------------

Step 50: Single Candidate
Action: Place 6 in cell (9,6)
Cell: (9, 6)
Value: 6
Explanation: Cell (9,6) has only one possible candidate: 6

Board after this step:
   A B C | D E F | G H I
  -------+-------+-------
1 [90m5[0m [90m3[0m [90m4[0m | [90m6[0m [90m7[0m [90m8[0m | [90m9[0m [90m1[0m [90m2[0m 
2 [90m6[0m [90m7[0m [90m2[0m | [90m1[0m [90m9[0m [90m5[0m | [90m3[0m [90m4[0m [90m8[0m 
3 [90m1[0m [90m9[0m [90m8[0m | [90m3[0m [90m4[0m [90m2[0m | [90m5[0m [90m6[0m [90m7[0m 
  -------+-------+-------
4 [90m8[0m [90m5[0m [90m9[0m | [90m7[0m [90m6[0m [90m1[0m | [90m4[0m [90m2[0m [90m3[0m 
5 [90m4[0m [90m2[0m [90m6[0m | [90m8[0m [90m5[0m [90m3[0m | [90m7[0m [90m9[0m [90m1[0m 
6 [90m7[0m [90m1[0m [90m3[0m | [90m9[0m [90m2[0m [90m4[0m | [90m8[0m [90m5[0m [90m6[0m 
  -------+-------+-------
7 [90m9[0m [90m6[0m [90m1[0m | [90m5[0m [90m3[0m [90m7[0m | [90m2[0m [90m8[0m [90m4[0m 
8 [90m2[0m [90m8[0m [90m7[0m | [90m4[0m [90m1[0m [90m9[0m | [90m6[0m [90m3[0m [90m5[0m 
9 [90m3[0m [90m4[0m [90m5[0m | [90m2[0m [90m8[0m [1;32m6[0m | . [90m7[0m [90m9[0m 

Legend:
  [1;32mGreen[0m = Just placed
  [90mGray[0m = Original numbers
  . = Empty cells
------------------------------------------------------------

Step 51: Single Candidate
Action: Place 1 in cell (9,7)
Cell: (9, 7)
Value: 1
Explanation: Cell (9,7) has only one possible candidate: 1

Board after this step:
   A B C | D E F | G H I
  -------+-------+-------
1 [90m5[0m [90m3[0m [90m4[0m | [90m6[0m [90m7[0m [90m8[0m | [90m9[0m [90m1[0m [90m2[0m 
2 [90m6[0m [90m7[0m [90m2[0m | [90m1[0m [90m9[0m [90m5[0m | [90m3[0m [90m4[0m [90m8[0m 
3 [90m1[0m [90m9[0m [90m8[0m | [90m3[0m [90m4[0m [90m2[0m | [90m5[0m [90m6[0m [90m7[0m 
  -------+-------+-------
4 [90m8[0m [90m5[0m [90m9[0m | [90m7[0m [90m6[0m [90m1[0m | [90m4[0m [90m2[0m [90m3[0m 
5 [90m4[0m [90m2[0m [90m6[0m | [90m8[0m [90m5[0m [90m3[0m | [90m7[0m [90m9[0m [90m1[0m 
6 [90m7[0m [90m1[0m [90m3[0m | [90m9[0m [90m2[0m [90m4[0m | [90m8[0m [90m5[0m [90m6[0m 
  -------+-------+-------
7 [90m9[0m [90m6[0m [90m1[0m | [90m5[0m [90m3[0m [90m7[0m | [90m2[0m [90m8[0m [90m4[0m 
8 [90m2[0m [90m8[0m [90m7[0m | [90m4[0m [90m1[0m [90m9[0m | [90m6[0m [90m3[0m [90m5[0m 
9 [90m3[0m [90m4[0m [90m5[0m | [90m2[0m [90m8[0m [90m6[0m | [1;32m1[0m [90m7[0m [90m9[0m 

Legend:
  [1;32mGreen[0m = Just placed
  [90mGray[0m = Original numbers
  . = Empty cells
------------------------------------------------------------

Puzzle solved!

Final Solution:
   A B C | D E F | G H I
  -------+-------+-------
1 5 3 4 | 6 7 8 | 9 1 2 
2 6 7 2 | 1 9 5 | 3 4 8 
3 1 9 8 | 3 4 2 | 5 6 7 
  -------+-------+-------
4 8 5 9 | 7 6 1 | 4 2 3 
5 4 2 6 | 8 5 3 | 7 9 1 
6 7 1 3 | 9 2 4 | 8 5 6 
  -------+-------+-------
7 9 6 1 | 5 3 7 | 2 8 4 
8 2 8 7 | 4 1 9 | 6 3 5 
9 3 4 5 | 2 8 6 | 1 7 9 
Puzzle solved: True
Board valid: True